/*
 * commands: split = false
 */

.e {
  background-color: #FF0000;
}

.d {
  background-color: #FF0000;
}

.c {
  background-color: #FF0000;
}

.b {
  background-color: #FF0000;
}

.a {
  background-color: #FF0000;
}